Copyright 1986-2014 Xilinx, Inc. All Rights Reserved.
----------------------------------------------------------------------------------------
| Tool Version : Vivado v.2014.4 (lin64) Build 1071353 Tue Nov 18 16:48:31 MST 2014
| Date         : Thu Nov 19 22:56:09 2015
| Host         : beta running 64-bit unknown
| Command      : report_clock_utilization -file system_top_clock_utilization_placed.rpt
| Design       : system_top
| Device       : xc7z020
----------------------------------------------------------------------------------------

Clock Utilization Report

Table of Contents
-----------------
1. Clock Primitive Utilization
2. Details of Global Clocks
3. Details of Regional Clocks
4. Details of Multi-Regional Clocks
5. Details of I/O Clocks
6. Details of Local Clocks
7. Clock Regions : Key Resource Utilization
8. Net wise resources used in clock region X0Y0
9. Net wise resources used in clock region X1Y0
10. Net wise resources used in clock region X0Y1
11. Net wise resources used in clock region X1Y1
12. Net wise resources used in clock region X0Y2

1. Clock Primitive Utilization
------------------------------

+-------+------+-----------+-----------+
| Type  | Used | Available | Num Fixed |
+-------+------+-----------+-----------+
| BUFG  |    6 |        32 |         0 |
| BUFH  |    0 |        72 |         0 |
| BUFIO |    0 |        16 |         0 |
| MMCM  |    2 |         4 |         0 |
| PLL   |    0 |         4 |         0 |
| BUFR  |    0 |        16 |         0 |
| BUFMR |    0 |         8 |         0 |
+-------+------+-----------+-----------+


2. Details of Global Clocks
---------------------------

+-------+--------------------------------------------------------------------------+----------------------------------------------------------------------------------------+--------------+-------+---------------+-----------+
|       |                                                                          |                                                                                        |   Num Loads  |       |               |           |
+-------+--------------------------------------------------------------------------+----------------------------------------------------------------------------------------+------+-------+-------+---------------+-----------+
| Index | BUFG Cell                                                                | Net Name                                                                               | BELs | Sites | Fixed | MaxDelay (ns) | Skew (ns) |
+-------+--------------------------------------------------------------------------+----------------------------------------------------------------------------------------+------+-------+-------+---------------+-----------+
|     1 | i_system_wrapper/system_i/axi_hdmi_clkgen/inst/i_mmcm_drp/i_fb_clk_bufg  | i_system_wrapper/system_i/axi_hdmi_clkgen/inst/i_mmcm_drp/bufg_fb_clk_s                |    1 |     1 |    no |         1.834 |     0.092 |
|     2 | i_system_wrapper/system_i/sys_audio_clkgen/inst/clkf_buf                 | i_system_wrapper/system_i/sys_audio_clkgen/inst/clkfbout_buf_system_sys_audio_clkgen_0 |    1 |     1 |    no |         1.878 |     0.094 |
|     3 | i_system_wrapper/system_i/sys_ps7/inst/buffer_fclk_clk_1.FCLK_CLK_1_BUFG | i_system_wrapper/system_i/sys_ps7/inst/FCLK_CLK1                                       |    2 |     2 |    no |         1.876 |     0.137 |
|     4 | i_system_wrapper/system_i/sys_audio_clkgen/inst/clkout1_buf              | i_system_wrapper/system_i/sys_audio_clkgen/inst/clk_out1                               |   36 |    17 |    no |         2.983 |     1.338 |
|     5 | i_system_wrapper/system_i/axi_hdmi_clkgen/inst/i_mmcm_drp/i_clk_0_bufg   | i_system_wrapper/system_i/axi_hdmi_clkgen/inst/i_mmcm_drp/clk_0                        |  999 |   321 |    no |         2.277 |     0.657 |
|     6 | i_system_wrapper/system_i/sys_ps7/inst/buffer_fclk_clk_0.FCLK_CLK_0_BUFG | i_system_wrapper/system_i/sys_ps7/inst/FCLK_CLK0                                       | 4628 |  1526 |    no |         2.048 |     0.424 |
+-------+--------------------------------------------------------------------------+----------------------------------------------------------------------------------------+------+-------+-------+---------------+-----------+


+-------+------------------------------------------------------------------+------------------------------------------------------------------------------------+--------------+-------+---------------+-----------+
|       |                                                                  |                                                                                    |   Num Loads  |       |               |           |
+-------+------------------------------------------------------------------+------------------------------------------------------------------------------------+------+-------+-------+---------------+-----------+
| Index | MMCM Cell                                                        | Net Name                                                                           | BELs | Sites | Fixed | MaxDelay (ns) | Skew (ns) |
+-------+------------------------------------------------------------------+------------------------------------------------------------------------------------+------+-------+-------+---------------+-----------+
|     1 | i_system_wrapper/system_i/axi_hdmi_clkgen/inst/i_mmcm_drp/i_mmcm | i_system_wrapper/system_i/axi_hdmi_clkgen/inst/i_mmcm_drp/mmcm_clk_0_s             |    1 |     1 |    no |         1.855 |     0.093 |
|     2 | i_system_wrapper/system_i/axi_hdmi_clkgen/inst/i_mmcm_drp/i_mmcm | i_system_wrapper/system_i/axi_hdmi_clkgen/inst/i_mmcm_drp/mmcm_fb_clk_s            |    1 |     1 |    no |         1.855 |     0.093 |
|     3 | i_system_wrapper/system_i/sys_audio_clkgen/inst/mmcm_adv_inst    | i_system_wrapper/system_i/sys_audio_clkgen/inst/clk_out1_system_sys_audio_clkgen_0 |    1 |     1 |    no |         1.889 |     0.094 |
|     4 | i_system_wrapper/system_i/sys_audio_clkgen/inst/mmcm_adv_inst    | i_system_wrapper/system_i/sys_audio_clkgen/inst/clkfbout_system_sys_audio_clkgen_0 |    1 |     1 |    no |         1.889 |     0.094 |
+-------+------------------------------------------------------------------+------------------------------------------------------------------------------------+------+-------+-------+---------------+-----------+


3. Details of Regional Clocks
-----------------------------

4. Details of Multi-Regional Clocks
-----------------------------------

5. Details of I/O Clocks
------------------------

6. Details of Local Clocks
--------------------------

7. Clock Regions : Key Resource Utilization
-------------------------------------------

+-------------------+--------------+--------------+--------------+--------------+--------------+--------------+--------------+--------------+--------------+--------------+--------------+--------------+--------------+--------------+--------------+
|                   | Global Clock |     BUFRs    |    BUFMRs    |    BUFIOs    |     MMCM     |      PLL     |      GT      |      PCI     |    ILOGIC    |    OLOGIC    |      FF      |     LUTM     |    RAMB18    |    RAMB36    |    DSP48E1   |
+-------------------+------+-------+------+-------+------+-------+------+-------+------+-------+------+-------+------+-------+------+-------+------+-------+------+-------+------+-------+------+-------+------+-------+------+-------+------+-------+
| Clock Region Name | Used | Avail | Used | Avail | Used | Avail | Used | Avail | Used | Avail | Used | Avail | Used | Avail | Used | Avail | Used | Avail | Used | Avail | Used | Avail | Used | Avail | Used | Avail | Used | Avail | Used | Avail |
+-------------------+------+-------+------+-------+------+-------+------+-------+------+-------+------+-------+------+-------+------+-------+------+-------+------+-------+------+-------+------+-------+------+-------+------+-------+------+-------+
| X0Y0              |    5 |    12 |    0 |     4 |    0 |     2 |    0 |     4 |    1 |     1 |    0 |     1 |    0 |     0 |    0 |     0 |    0 |    50 |    0 |    50 |  664 | 20000 |   19 |  4000 |    0 |    60 |    2 |    30 |    3 |    60 |
| X1Y0              |    4 |    12 |    0 |     4 |    0 |     2 |    0 |     4 |    1 |     1 |    0 |     1 |    0 |     0 |    0 |     0 |    0 |    50 |   20 |    50 |  460 | 25600 |    5 |  3400 |    0 |    60 |    0 |    30 |    6 |    40 |
| X0Y1              |    3 |    12 |    0 |     0 |    0 |     0 |    0 |     0 |    0 |     0 |    0 |     0 |    0 |     0 |    0 |     0 |    0 |     0 |    0 |     0 | 2903 |  9600 |  290 |  1600 |    0 |    20 |    0 |    10 |    0 |    20 |
| X1Y1              |    3 |    12 |    0 |     4 |    0 |     2 |    0 |     4 |    0 |     1 |    0 |     1 |    0 |     0 |    0 |     0 |    0 |    50 |    0 |    50 | 1051 | 20800 |   20 |  3400 |    0 |    60 |    0 |    30 |    0 |    40 |
| X0Y2              |    1 |    12 |    0 |     0 |    0 |     0 |    0 |     0 |    0 |     0 |    0 |     0 |    0 |     0 |    0 |     0 |    0 |     0 |    0 |     0 |  193 |  9600 |   23 |  1600 |    0 |    20 |    0 |    10 |    0 |    20 |
| X1Y2              |    0 |    12 |    0 |     4 |    0 |     2 |    0 |     4 |    0 |     1 |    0 |     1 |    0 |     0 |    0 |     0 |    0 |    50 |    0 |    50 |    0 | 20800 |    0 |  3400 |    0 |    60 |    0 |    30 |    0 |    40 |
+-------------------+------+-------+------+-------+------+-------+------+-------+------+-------+------+-------+------+-------+------+-------+------+-------+------+-------+------+-------+------+-------+------+-------+------+-------+------+-------+
* RAMB36 site can be used as two RAMB18/FIFO18 sites


8. Net wise resources used in clock region X0Y0
-----------------------------------------------

+-------------+-------------+-------+-----------+----------+---------+-----------+---------+---------+-----+-------+----------+-------------------------------------------------------------------------+
| Source Type | BUFHCE Site | Fixed | MMCM Pins | PLL Pins | GT Pins | BRAM Pins | ILOGICs | OLOGICs | FFs | LUTMs | DSP48E1s |                              Clock Net Name                             |
+-------------+-------------+-------+-----------+----------+---------+-----------+---------+---------+-----+-------+----------+-------------------------------------------------------------------------+
| BUFG        |     ---     |   no  |         1 |        0 |       0 |         0 |       0 |       0 |   0 |     0 |        0 | i_system_wrapper/system_i/axi_hdmi_clkgen/inst/i_mmcm_drp/bufg_fb_clk_s |
| BUFG        |     ---     |   no  |         1 |        0 |       0 |         0 |       0 |       0 |   0 |     0 |        0 | i_system_wrapper/system_i/sys_ps7/inst/FCLK_CLK1                        |
| BUFG        |     ---     |   no  |         0 |        0 |       0 |         1 |       0 |       0 | 242 |     2 |        3 | i_system_wrapper/system_i/axi_hdmi_clkgen/inst/i_mmcm_drp/clk_0         |
| BUFG        |     ---     |   no  |         1 |        0 |       0 |         3 |       0 |       0 | 422 |    17 |        0 | i_system_wrapper/system_i/sys_ps7/inst/FCLK_CLK0                        |
+-------------+-------------+-------+-----------+----------+---------+-----------+---------+---------+-----+-------+----------+-------------------------------------------------------------------------+


9. Net wise resources used in clock region X1Y0
-----------------------------------------------

+-------------+-------------+-------+-----------+----------+---------+-----------+---------+---------+-----+-------+----------+----------------------------------------------------------------------------------------+
| Source Type | BUFHCE Site | Fixed | MMCM Pins | PLL Pins | GT Pins | BRAM Pins | ILOGICs | OLOGICs | FFs | LUTMs | DSP48E1s |                                     Clock Net Name                                     |
+-------------+-------------+-------+-----------+----------+---------+-----------+---------+---------+-----+-------+----------+----------------------------------------------------------------------------------------+
| BUFG        |     ---     |   no  |         1 |        0 |       0 |         0 |       0 |       0 |   0 |     0 |        0 | i_system_wrapper/system_i/sys_audio_clkgen/inst/clkfbout_buf_system_sys_audio_clkgen_0 |
| BUFG        |     ---     |   no  |         1 |        0 |       0 |         0 |       0 |       0 |   0 |     0 |        0 | i_system_wrapper/system_i/sys_ps7/inst/FCLK_CLK1                                       |
| BUFG        |     ---     |   no  |         0 |        0 |       0 |         0 |       0 |       0 |  13 |     0 |        0 | i_system_wrapper/system_i/sys_ps7/inst/FCLK_CLK0                                       |
| BUFG        |     ---     |   no  |         0 |        0 |       0 |         0 |       0 |      20 | 447 |     5 |        6 | i_system_wrapper/system_i/axi_hdmi_clkgen/inst/i_mmcm_drp/clk_0                        |
+-------------+-------------+-------+-----------+----------+---------+-----------+---------+---------+-----+-------+----------+----------------------------------------------------------------------------------------+


10. Net wise resources used in clock region X0Y1
------------------------------------------------

+-------------+-------------+-------+-----------+----------+---------+-----------+---------+---------+------+-------+----------+-----------------------------------------------------------------+
| Source Type | BUFHCE Site | Fixed | MMCM Pins | PLL Pins | GT Pins | BRAM Pins | ILOGICs | OLOGICs |  FFs | LUTMs | DSP48E1s |                          Clock Net Name                         |
+-------------+-------------+-------+-----------+----------+---------+-----------+---------+---------+------+-------+----------+-----------------------------------------------------------------+
| BUFG        |     ---     |   no  |         0 |        0 |       0 |         0 |       0 |       0 |   24 |     0 |        0 | i_system_wrapper/system_i/axi_hdmi_clkgen/inst/i_mmcm_drp/clk_0 |
| BUFG        |     ---     |   no  |         0 |        0 |       0 |         0 |       0 |       0 |   26 |     8 |        0 | i_system_wrapper/system_i/sys_audio_clkgen/inst/clk_out1        |
| BUFG        |     ---     |   no  |         0 |        0 |       0 |         0 |       0 |       0 | 2853 |   282 |        0 | i_system_wrapper/system_i/sys_ps7/inst/FCLK_CLK0                |
+-------------+-------------+-------+-----------+----------+---------+-----------+---------+---------+------+-------+----------+-----------------------------------------------------------------+


11. Net wise resources used in clock region X1Y1
------------------------------------------------

+-------------+-------------+-------+-----------+----------+---------+-----------+---------+---------+-----+-------+----------+-----------------------------------------------------------------+
| Source Type | BUFHCE Site | Fixed | MMCM Pins | PLL Pins | GT Pins | BRAM Pins | ILOGICs | OLOGICs | FFs | LUTMs | DSP48E1s |                          Clock Net Name                         |
+-------------+-------------+-------+-----------+----------+---------+-----------+---------+---------+-----+-------+----------+-----------------------------------------------------------------+
| BUFG        |     ---     |   no  |         0 |        0 |       0 |         0 |       0 |       0 |   1 |     0 |        0 | i_system_wrapper/system_i/sys_audio_clkgen/inst/clk_out1        |
| BUFG        |     ---     |   no  |         0 |        0 |       0 |         0 |       0 |       0 | 247 |     2 |        0 | i_system_wrapper/system_i/axi_hdmi_clkgen/inst/i_mmcm_drp/clk_0 |
| BUFG        |     ---     |   no  |         0 |        0 |       0 |         0 |       0 |       0 | 803 |    18 |        0 | i_system_wrapper/system_i/sys_ps7/inst/FCLK_CLK0                |
+-------------+-------------+-------+-----------+----------+---------+-----------+---------+---------+-----+-------+----------+-----------------------------------------------------------------+


12. Net wise resources used in clock region X0Y2
------------------------------------------------

+-------------+-------------+-------+-----------+----------+---------+-----------+---------+---------+-----+-------+----------+--------------------------------------------------+
| Source Type | BUFHCE Site | Fixed | MMCM Pins | PLL Pins | GT Pins | BRAM Pins | ILOGICs | OLOGICs | FFs | LUTMs | DSP48E1s |                  Clock Net Name                  |
+-------------+-------------+-------+-----------+----------+---------+-----------+---------+---------+-----+-------+----------+--------------------------------------------------+
| BUFG        |     ---     |   no  |         0 |        0 |       0 |         0 |       0 |       0 | 193 |    23 |        0 | i_system_wrapper/system_i/sys_ps7/inst/FCLK_CLK0 |
+-------------+-------------+-------+-----------+----------+---------+-----------+---------+---------+-----+-------+----------+--------------------------------------------------+



# Location of BUFG Primitives 
set_property LOC BUFGCTRL_X0Y2 [get_cells i_system_wrapper/system_i/axi_hdmi_clkgen/inst/i_mmcm_drp/i_fb_clk_bufg]
set_property LOC BUFGCTRL_X0Y0 [get_cells i_system_wrapper/system_i/axi_hdmi_clkgen/inst/i_mmcm_drp/i_clk_0_bufg]
set_property LOC BUFGCTRL_X0Y1 [get_cells i_system_wrapper/system_i/sys_audio_clkgen/inst/clkout1_buf]
set_property LOC BUFGCTRL_X0Y3 [get_cells i_system_wrapper/system_i/sys_audio_clkgen/inst/clkf_buf]
set_property LOC BUFGCTRL_X0Y16 [get_cells i_system_wrapper/system_i/sys_ps7/inst/buffer_fclk_clk_0.FCLK_CLK_0_BUFG]
set_property LOC BUFGCTRL_X0Y17 [get_cells i_system_wrapper/system_i/sys_ps7/inst/buffer_fclk_clk_1.FCLK_CLK_1_BUFG]

# Location of IO Clock Primitives

# Location of MMCM Clock Primitives
set_property LOC MMCME2_ADV_X0Y0 [get_cells i_system_wrapper/system_i/axi_hdmi_clkgen/inst/i_mmcm_drp/i_mmcm]
set_property LOC MMCME2_ADV_X1Y0 [get_cells i_system_wrapper/system_i/sys_audio_clkgen/inst/mmcm_adv_inst]

# Location of BUFH Clock Primitives

# Location of BUFR Clock Primitives

# Location of BUFMR Clock Primitives

# Location of PLL Clock Primitives

# Location of IO Primitives which is load of clock spine
set_property LOC IOB_X0Y20 [get_cells i2s_mclk_OBUF_inst]

# Location of clock ports

# Clock net "i_system_wrapper/system_i/axi_hdmi_clkgen/inst/i_mmcm_drp/clk_0" driven by instance "i_system_wrapper/system_i/axi_hdmi_clkgen/inst/i_mmcm_drp/i_clk_0_bufg" located at site "BUFGCTRL_X0Y0"
#startgroup
create_pblock CLKAG_i_system_wrapper/system_i/axi_hdmi_clkgen/inst/i_mmcm_drp/clk_0
add_cells_to_pblock [get_pblocks  CLKAG_i_system_wrapper/system_i/axi_hdmi_clkgen/inst/i_mmcm_drp/clk_0] [get_cells  -filter { IS_PRIMITIVE==1 && PRIMITIVE_LEVEL !=INTERNAL } -of_object [get_pins -filter {DIRECTION==IN} -of_objects [get_nets -hierarchical -filter {PARENT=="i_system_wrapper/system_i/axi_hdmi_clkgen/inst/i_mmcm_drp/clk_0"}]]]
resize_pblock [get_pblocks CLKAG_i_system_wrapper/system_i/axi_hdmi_clkgen/inst/i_mmcm_drp/clk_0] -add {CLOCKREGION_X0Y0:CLOCKREGION_X0Y0 CLOCKREGION_X0Y1:CLOCKREGION_X0Y1 CLOCKREGION_X0Y2:CLOCKREGION_X0Y2 CLOCKREGION_X1Y0:CLOCKREGION_X1Y0 CLOCKREGION_X1Y1:CLOCKREGION_X1Y1 CLOCKREGION_X1Y2:CLOCKREGION_X1Y2}
#endgroup

# Clock net "i_system_wrapper/system_i/sys_audio_clkgen/inst/clk_out1" driven by instance "i_system_wrapper/system_i/sys_audio_clkgen/inst/clkout1_buf" located at site "BUFGCTRL_X0Y1"
#startgroup
create_pblock CLKAG_i_system_wrapper/system_i/sys_audio_clkgen/inst/clk_out1
add_cells_to_pblock [get_pblocks  CLKAG_i_system_wrapper/system_i/sys_audio_clkgen/inst/clk_out1] [get_cells  -filter { IS_PRIMITIVE==1 && PRIMITIVE_LEVEL !=INTERNAL && NAME!=i2s_mclk_OBUF_inst} -of_object [get_pins -filter {DIRECTION==IN} -of_objects [get_nets -hierarchical -filter {PARENT=="i_system_wrapper/system_i/sys_audio_clkgen/inst/clk_out1"}]]]
resize_pblock [get_pblocks CLKAG_i_system_wrapper/system_i/sys_audio_clkgen/inst/clk_out1] -add {CLOCKREGION_X0Y0:CLOCKREGION_X0Y0 CLOCKREGION_X0Y1:CLOCKREGION_X0Y1 CLOCKREGION_X0Y2:CLOCKREGION_X0Y2 CLOCKREGION_X1Y0:CLOCKREGION_X1Y0 CLOCKREGION_X1Y1:CLOCKREGION_X1Y1 CLOCKREGION_X1Y2:CLOCKREGION_X1Y2}
#endgroup

# Clock net "i_system_wrapper/system_i/sys_ps7/inst/FCLK_CLK0" driven by instance "i_system_wrapper/system_i/sys_ps7/inst/buffer_fclk_clk_0.FCLK_CLK_0_BUFG" located at site "BUFGCTRL_X0Y16"
#startgroup
create_pblock CLKAG_i_system_wrapper/system_i/sys_ps7/inst/FCLK_CLK0
add_cells_to_pblock [get_pblocks  CLKAG_i_system_wrapper/system_i/sys_ps7/inst/FCLK_CLK0] [get_cells  -filter { IS_PRIMITIVE==1 && PRIMITIVE_LEVEL !=INTERNAL && NAME!=i_system_wrapper/system_i/axi_hdmi_clkgen/inst/i_mmcm_drp/i_mmcm} -of_object [get_pins -filter {DIRECTION==IN} -of_objects [get_nets -hierarchical -filter {PARENT=="i_system_wrapper/system_i/sys_ps7/inst/FCLK_CLK0"}]]]
resize_pblock [get_pblocks CLKAG_i_system_wrapper/system_i/sys_ps7/inst/FCLK_CLK0] -add {CLOCKREGION_X0Y0:CLOCKREGION_X0Y0 CLOCKREGION_X0Y1:CLOCKREGION_X0Y1 CLOCKREGION_X0Y2:CLOCKREGION_X0Y2 CLOCKREGION_X1Y0:CLOCKREGION_X1Y0 CLOCKREGION_X1Y1:CLOCKREGION_X1Y1 CLOCKREGION_X1Y2:CLOCKREGION_X1Y2}
#endgroup
