Copyright 1986-2014 Xilinx, Inc. All Rights Reserved.
---------------------------------------------------------------------------------------------------------------
| Tool Version : Vivado v.2014.4 (lin64) Build 1071353 Tue Nov 18 16:48:31 MST 2014
| Date         : Thu Nov 19 22:54:15 2015
| Host         : beta running 64-bit unknown
| Command      : report_utilization -file system_top_utilization_synth.rpt -pb system_top_utilization_synth.pb
| Design       : system_top
| Device       : xc7z020
| Design State : Synthesized
---------------------------------------------------------------------------------------------------------------

Utilization Design Information

Table of Contents
-----------------
1. Slice Logic
1.1 Summary of Registers by Type
2. Memory
3. DSP
4. IO and GT Specific
5. Clocking
6. Specific Feature
7. Primitives
8. Black Boxes
9. Instantiated Netlists

1. Slice Logic
--------------

+----------------------------+------+-------+-----------+-------+
|          Site Type         | Used | Fixed | Available | Util% |
+----------------------------+------+-------+-----------+-------+
| Slice LUTs*                | 4467 |     0 |     53200 |  8.39 |
|   LUT as Logic             | 4152 |     0 |     53200 |  7.80 |
|   LUT as Memory            |  315 |     0 |     17400 |  1.81 |
|     LUT as Distributed RAM |   66 |     0 |           |       |
|     LUT as Shift Register  |  249 |     0 |           |       |
| Slice Registers            | 5484 |    19 |    106400 |  5.15 |
|   Register as Flip Flop    | 5484 |    19 |    106400 |  5.15 |
|   Register as Latch        |    0 |     0 |    106400 |  0.00 |
| F7 Muxes                   |   21 |     0 |     26600 |  0.07 |
| F8 Muxes                   |    8 |     0 |     13300 |  0.06 |
+----------------------------+------+-------+-----------+-------+
* Warning! The Final LUT count, after physical optimizations and full implementation, is typically lower. Run opt_design after synthesis, if not already completed, for a more realistic count.


1.1 Summary of Registers by Type
--------------------------------

+-------+--------------+-------------+--------------+
| Total | Clock Enable | Synchronous | Asynchronous |
+-------+--------------+-------------+--------------+
| 0     |            _ |           - |            - |
| 0     |            _ |           - |          Set |
| 0     |            _ |           - |        Reset |
| 0     |            _ |         Set |            - |
| 0     |            _ |       Reset |            - |
| 0     |          Yes |           - |            - |
| 21    |          Yes |           - |          Set |
| 998   |          Yes |           - |        Reset |
| 249   |          Yes |         Set |            - |
| 4216  |          Yes |       Reset |            - |
+-------+--------------+-------------+--------------+


2. Memory
---------

+-------------------+------+-------+-----------+-------+
|     Site Type     | Used | Fixed | Available | Util% |
+-------------------+------+-------+-----------+-------+
| Block RAM Tile    |    2 |     0 |       140 |  1.42 |
|   RAMB36/FIFO*    |    2 |     0 |       140 |  1.42 |
|     RAMB36E1 only |    2 |       |           |       |
|   RAMB18          |    0 |     0 |       280 |  0.00 |
+-------------------+------+-------+-----------+-------+
* Note: Each Block RAM Tile only has one FIFO logic available and therefore can accommodate only one FIFO36E1 or one FIFO18E1. However, if a FIFO18E1 occupies a Block RAM Tile, that tile can still accommodate a RAMB18E1


3. DSP
------

+----------------+------+-------+-----------+-------+
|    Site Type   | Used | Fixed | Available | Util% |
+----------------+------+-------+-----------+-------+
| DSPs           |    9 |     0 |       220 |  4.09 |
|   DSP48E1 only |    9 |       |           |       |
+----------------+------+-------+-----------+-------+


4. IO and GT Specific
---------------------

+-----------------------------+------+-------+-----------+--------+
|          Site Type          | Used | Fixed | Available |  Util% |
+-----------------------------+------+-------+-----------+--------+
| Bonded IOB                  |   65 |     0 |       200 |  32.50 |
| Bonded IPADs                |    0 |     0 |         2 |   0.00 |
| Bonded IOPADs               |  130 |     0 |       130 | 100.00 |
| PHY_CONTROL                 |    0 |     0 |         4 |   0.00 |
| PHASER_REF                  |    0 |     0 |         4 |   0.00 |
| OUT_FIFO                    |    0 |     0 |        16 |   0.00 |
| IN_FIFO                     |    0 |     0 |        16 |   0.00 |
| IDELAYCTRL                  |    0 |     0 |         4 |   0.00 |
| IBUFGDS                     |    0 |     0 |       192 |   0.00 |
| PHASER_OUT/PHASER_OUT_PHY   |    0 |     0 |        16 |   0.00 |
| PHASER_IN/PHASER_IN_PHY     |    0 |     0 |        16 |   0.00 |
| IDELAYE2/IDELAYE2_FINEDELAY |    0 |     0 |       200 |   0.00 |
| ILOGIC                      |    0 |     0 |       200 |   0.00 |
| OLOGIC                      |    1 |     0 |       200 |   0.50 |
|   ODDR                      |    1 |       |           |        |
+-----------------------------+------+-------+-----------+--------+


5. Clocking
-----------

+------------+------+-------+-----------+-------+
|  Site Type | Used | Fixed | Available | Util% |
+------------+------+-------+-----------+-------+
| BUFGCTRL   |    7 |     0 |        32 | 21.87 |
| BUFIO      |    0 |     0 |        16 |  0.00 |
| MMCME2_ADV |    2 |     0 |         4 | 50.00 |
| PLLE2_ADV  |    0 |     0 |         4 |  0.00 |
| BUFMRCE    |    0 |     0 |         8 |  0.00 |
| BUFHCE     |    0 |     0 |        72 |  0.00 |
| BUFR       |    0 |     0 |        16 |  0.00 |
+------------+------+-------+-----------+-------+


6. Specific Feature
-------------------

+-------------+------+-------+-----------+-------+
|  Site Type  | Used | Fixed | Available | Util% |
+-------------+------+-------+-----------+-------+
| BSCANE2     |    0 |     0 |         4 |  0.00 |
| CAPTUREE2   |    0 |     0 |         1 |  0.00 |
| DNA_PORT    |    0 |     0 |         1 |  0.00 |
| EFUSE_USR   |    0 |     0 |         1 |  0.00 |
| FRAME_ECCE2 |    0 |     0 |         1 |  0.00 |
| ICAPE2      |    0 |     0 |         2 |  0.00 |
| STARTUPE2   |    0 |     0 |         1 |  0.00 |
| XADC        |    0 |     0 |         1 |  0.00 |
+-------------+------+-------+-----------+-------+


7. Primitives
-------------

+------------+------+----------------------+
|  Ref Name  | Used |  Functional Category |
+------------+------+----------------------+
| FDRE       | 4216 |         Flop & Latch |
| LUT6       | 1330 |                  LUT |
| FDCE       |  998 |         Flop & Latch |
| LUT3       |  928 |                  LUT |
| LUT4       |  803 |                  LUT |
| LUT5       |  790 |                  LUT |
| LUT2       |  646 |                  LUT |
| LUT1       |  454 |                  LUT |
| CARRY4     |  256 |           CarryLogic |
| FDSE       |  249 |         Flop & Latch |
| SRL16E     |  202 |   Distributed Memory |
| BIBUF      |  130 |                   IO |
| RAMD32     |   98 |   Distributed Memory |
| SRLC32E    |   47 |   Distributed Memory |
| IBUF       |   40 |                   IO |
| OBUFT      |   38 |                   IO |
| RAMS32     |   32 |   Distributed Memory |
| OBUF       |   25 |                   IO |
| MUXF7      |   21 |                MuxFx |
| FDPE       |   21 |         Flop & Latch |
| DSP48E1    |    9 |     Block Arithmetic |
| MUXF8      |    8 |                MuxFx |
| BUFG       |    7 |                Clock |
| RAMB36E1   |    2 |         Block Memory |
| MMCME2_ADV |    2 |                Clock |
| PS7        |    1 | Specialized Resource |
| ODDR       |    1 |                   IO |
+------------+------+----------------------+


8. Black Boxes
--------------

+----------+------+
| Ref Name | Used |
+----------+------+


9. Instantiated Netlists
------------------------

+----------+------+
| Ref Name | Used |
+----------+------+


