3fc00000 T __image_copy_start
3fc00000 T _start
3fc00020 t _reset
3fc00024 T _undefined_instruction
3fc00028 T _software_interrupt
3fc0002c T _prefetch_abort
3fc00030 T _data_abort
3fc00034 T _not_used
3fc00038 T _irq
3fc0003c T _fiq
3fc00040 T IRQ_STACK_START_IN
3fc00060 t undefined_instruction
3fc000c0 t software_interrupt
3fc00120 t prefetch_abort
3fc00180 t data_abort
3fc001e0 t not_used
3fc00240 t irq
3fc002a0 t fiq
3fc00300 T reset
3fc00340 T c_runtime_cpu_setup
3fc00358 W save_boot_params
3fc0035c T cpu_init_cp15
3fc00394 T cpu_init_crit
3fc0039c t v7_maint_dcache_all
3fc0046c T invalidate_icache_all
3fc00484 W v7_outer_cache_enable
3fc00488 W v7_outer_cache_disable
3fc0048c W v7_outer_cache_flush_all
3fc00490 T flush_dcache_all
3fc004a4 W v7_outer_cache_inval_all
3fc004a8 T invalidate_dcache_all
3fc004bc T arm_init_before_mmu
3fc004e4 W v7_outer_cache_flush_range
3fc004e8 T flush_dcache_range
3fc00524 T mmu_page_table_flush
3fc00548 T flush_cache
3fc00550 W v7_outer_cache_inval_range
3fc00554 T invalidate_dcache_range
3fc00600 W cpu_cache_initialization
3fc00604 T cleanup_before_linux
3fc0062c T lowlevel_init
3fc00650 T timer_init
3fc006b8 T get_timer_masked
3fc00708 T __udelay
3fc00798 T get_timer
3fc007ac T get_ticks
3fc007bc T get_tbclk
3fc007c4 T arch_cpu_init
3fc00824 T reset_cpu
3fc00830 T enable_caches
3fc00834 T zynq_ddrc_init
3fc00898 T zynq_slcr_lock
3fc008c4 T zynq_slcr_unlock
3fc008f0 T zynq_slcr_cpu_reset
3fc00914 T zynq_slcr_gem_clk_setup
3fc0097c T zynq_slcr_devcfg_disable
3fc009a0 T zynq_slcr_devcfg_enable
3fc009c4 T zynq_slcr_get_idcode
3fc009d4 T zynq_slcr_get_mio_pin_status
3fc00a74 t ddr2x_get_rate
3fc00ab0 t ddr3x_get_rate
3fc00aec t zynq_clk_periph_get_rate
3fc00b68 t __zynq_clk_pll_get_rate
3fc00b88 t zynq_clk_pll_get_rate
3fc00b90 t zynq_clk_periph_set_rate
3fc00cac t zynq_clk_register_periph_clk
3fc00d08 T zynq_clk_early_init
3fc00d60 T get_uart_clk
3fc00db0 T set_cpu_clk_info
3fc013b4 T zynq_clk_get_rate
3fc013d4 T zynq_clk_set_rate
3fc01414 T soc_clk_dump
3fc01464 T _main
3fc014a4 t here
3fc014b4 t clbss_l
3fc014e8 T relocate_code
3fc014f8 t copy_loop
3fc01510 t fixloop
3fc01530 t fixnext
3fc01538 t relocate_done
3fc0154c T arch_fixup_memory_node
3fc01554 t boot_jump_linux
3fc0160c t boot_prep_linux
3fc0164c T arch_lmb_reserve
3fc01670 T do_bootm_linux
3fc016cc T boot_prep_vxworks
3fc0171c T boot_jump_vxworks
3fc01728 T interrupt_init
3fc01744 T enable_interrupts
3fc01748 T disable_interrupts
3fc01750 T bad_mode
3fc01760 T show_regs
3fc0189c T do_undefined_instruction
3fc018bc T do_software_interrupt
3fc018dc T do_prefetch_abort
3fc018fc T do_data_abort
3fc0191c T do_not_used
3fc0193c T do_fiq
3fc0195c T do_irq
3fc0197c T do_reset
3fc019a8 t cp_delay
3fc019d8 W arm_init_domains
3fc019dc T set_section_dcache
3fc019f0 T mmu_set_region_dcache_behaviour
3fc01a3c W dram_bank_mmu_setup
3fc01a7c T icache_enable
3fc01a94 T icache_disable
3fc01ab0 T icache_status
3fc01abc T dcache_enable
3fc01b2c T dcache_disable
3fc01b58 T dcache_status
3fc01b64 T board_init
3fc01c38 T board_eth_init
3fc01c4c T board_mmc_init
3fc01c58 T dram_init
3fc01c70 T __show_boot_progress
3fc01c70 W show_boot_progress
3fc01c74 T main_loop
3fc01cb4 T find_cmd_tbl
3fc01d58 T find_cmd
3fc01d80 T cmd_usage
3fc01ddc T _do_help
3fc01f54 T cmd_get_data_size
3fc01fb0 T cmd_process
3fc020a4 t dummy
3fc020a8 T get_version
3fc020b0 T jumptable_init
3fc02280 t hash_finish_crc32
3fc022b0 t hash_update_crc32
3fc022d4 t hash_init_crc32
3fc022f8 t hash_finish_sha256
3fc02330 t hash_update_sha256
3fc0234c t hash_init_sha256
3fc02370 T hash_lookup_algo
3fc023c8 T hash_show
3fc02420 T hash_command
3fc02594 t b_reset
3fc025b0 t static_get
3fc025cc t static_peek
3fc025d8 t file_peek
3fc025e4 t mapset
3fc02604 t syntax_err
3fc02610 t free_pipe_list
3fc02700 t xmalloc
3fc02720 t new_pipe
3fc02748 t xrealloc
3fc02768 t done_command
3fc027f0 t done_pipe
3fc0283c t done_word
3fc02b14 t do_showvar
3fc02c10 t is_assignment
3fc02c6c t file_get
3fc02e58 t b_addchr
3fc02ed0 t b_addqchr
3fc02f20 T get_local_var
3fc02fc0 T set_local_var
3fc0316c t insert_var_value_sub
3fc0342c T parse_string_outer
3fc03510 t run_list_real
3fc03d08 t parse_stream_outer
3fc043d8 T parse_file_outer
3fc0441c T u_boot_hush_start
3fc04470 T run_command
3fc04478 T run_command_list
3fc044d4 T do_run
3fc04548 T cli_loop
3fc04554 T cli_init
3fc04558 t delete_char.part.0
3fc0462c t cread_add_char
3fc04718 T cli_readline_into_buffer
3fc05024 T cli_readline
3fc05038 t hex1_bin
3fc05078 t hex2_bin
3fc050b0 T srec_decode
3fc05304 t CYGACC_COMM_IF_GETC_TIMEOUT.isra.0
3fc05360 t xyzModem_flush
3fc0537c t xyzModem_get_hdr
3fc055ac T xyzModem_stream_open
3fc057e8 T xyzModem_stream_read
3fc05a40 T xyzModem_stream_close
3fc05a94 T xyzModem_stream_terminate
3fc05b28 T xyzModem_error
3fc05b48 T bootdelay_process
3fc05b98 T autoboot_command
3fc05c68 t print_cpuinfo
3fc05c70 t trace_early_init
3fc05c78 t display_text_info
3fc05c80 t setup_mon_len
3fc05ca0 t reserve_round_4k
3fc05cb8 t reserve_mmu
3fc05cf0 t reserve_trace
3fc05cf8 t reserve_uboot
3fc05d28 t reserve_malloc
3fc05d3c t setup_machine
3fc05d44 t reserve_global_data
3fc05d60 t reserve_fdt
3fc05dac t reserve_stacks
3fc05de0 t display_new_sp
3fc05de8 t setup_reloc
3fc05e10 t reloc_fdt
3fc05e40 t reserve_board
3fc05e70 t announce_dram_init
3fc05e88 t init_func_i2c
3fc05eb0 t init_baud_rate
3fc05edc t setup_fdt
3fc05f04 t mark_bootstage
3fc05f18 T __coloured_LED_init
3fc05f18 W coloured_LED_init
3fc05f1c T __red_led_on
3fc05f1c W red_led_on
3fc05f20 T __board_add_ram_info
3fc05f20 W board_add_ram_info
3fc05f24 t show_dram_config
3fc05f5c T __dram_init_banksize
3fc05f5c W dram_init_banksize
3fc05f7c t setup_dram_config
3fc05f8c W board_get_usable_ram_top
3fc05f94 t setup_dest_addr
3fc05fd0 T board_init_f
3fc0601c t bootstage_relocate
3fc06024 t initr_trace
3fc0602c t initr_reloc_global_data
3fc06054 t initr_barrier
3fc0605c W power_init_board
3fc06064 t initr_announce
3fc0606c T initr_mmc
3fc0608c t run_main_loop
3fc06098 t initr_net
3fc060b8 t initr_ethaddr
3fc060d8 t initr_enable_interrupts
3fc060e8 t initr_jumptable
3fc060f8 t initr_env
3fc06128 t initr_malloc
3fc06144 t initr_serial
3fc06154 t initr_caches
3fc06164 t initr_reloc
3fc06184 T __cpu_secondary_init_r
3fc06184 W cpu_secondary_init_r
3fc06188 t initr_secondary_cpu
3fc06198 T board_init_r
3fc061b0 W do_go_exec
3fc061c0 t do_go
3fc0622c T do_bootm
3fc0633c T do_bootd
3fc0635c t image_info
3fc06480 t do_iminfo
3fc064e0 T bootm_maybe_autostart
3fc06558 T bootm_find_ramdisk_fdt
3fc06600 T bootm_disable_interrupts
3fc06628 T do_bootm_states
3fc06f84 t copy_args
3fc06fd4 t do_bootm_rtems
3fc07044 t do_bootm_plan9
3fc07118 t do_bootm_standalone
3fc0717c t do_bootm_netbsd
3fc072a4 T do_bootvx_fdt
3fc073b0 t do_bootm_vxworks
3fc07404 W arch_preboot_os
3fc07404 t __arch_preboot_os
3fc07408 T boot_selected_os
3fc07460 T bootm_os_get_boot_func
3fc07470 t do_help
3fc074b8 t do_version
3fc074f0 T env_attr_walk
3fc07604 T env_attr_lookup
3fc07790 t clear_callback
3fc077a0 t find_env_callback
3fc07808 t on_callbacks
3fc07850 t set_callback
3fc078e4 T env_callback_init
3fc079a8 t skip_num
3fc07a18 t clear_flags
3fc07a28 t on_flags
3fc07a70 T env_flags_parse_vartype
3fc07ac0 T env_flags_parse_varaccess
3fc07b18 t set_flags
3fc07bc4 T env_flags_init
3fc07c9c T env_flags_validate
3fc07fb8 T saveenv
3fc08094 T env_relocate_spec
3fc0815c T env_init
3fc08178 T source
3fc0833c T do_source
3fc083ac t print_num
3fc083c4 T do_bdinfo
3fc0857c t parse_argv
3fc085e0 T do_icache
3fc08668 T do_dcache
3fc086f0 t do_clk
3fc08758 t do_clk_dump
3fc0875c t do_coninfo
3fc08818 t do_echo
3fc088c8 t do_exit
3fc088f8 T do_ext2ls
3fc08910 T do_ext2load
3fc08928 T do_fat_fsload
3fc08940 t do_fat_ls
3fc08958 t do_fat_fsinfo
3fc089e8 t do_fat_fswrite
3fc08ae4 t fdt_valid
3fc08ba0 t is_printable_string
3fc08c38 t print_data
3fc08dac T set_working_fdt_addr
3fc08dc8 t do_fdt
3fc09c40 t get_cells_len
3fc09c78 t fdt_find_or_add_subnode.constprop.6
3fc09ce4 T fdt_find_and_setprop
3fc09d54 T fdt_initrd
3fc09f28 T fdt_chosen
3fc09fcc T do_fixup_by_path
3fc0a020 T fdt_fixup_memory_banks
3fc0a1b4 T fdt_fixup_memory
3fc0a1d4 T fdt_fixup_ethernet
3fc0a32c T fdt_resize
3fc0a3f8 T do_fpga
3fc0a6a8 t get_alen
3fc0a6e4 T do_i2c_bus_num
3fc0a79c t do_i2c
3fc0a804 t do_i2c_reset
3fc0a834 t do_i2c_mw
3fc0a920 t do_i2c_read
3fc0a9d0 t do_i2c_probe
3fc0aa6c t do_i2c_md
3fc0ac48 t do_i2c_crc
3fc0ad60 T do_i2c_show_bus
3fc0ae38 t do_i2c_bus_speed
3fc0aeac t do_i2c_write
3fc0af9c t do_i2c_loop
3fc0b07c t mod_i2c_mem.isra.4
3fc0b274 t do_i2c_nm
3fc0b27c t do_i2c_mm
3fc0b284 W i2c_init_board
3fc0b288 t evalexp
3fc0b2fc t evalstr
3fc0b368 t binary_test
3fc0b520 t do_itest
3fc0b5b8 t bin_data_init
3fc0b5e4 t k_data_save
3fc0b630 t k_data_restore
3fc0b67c t write_record
3fc0b6ac T do_save_serial
3fc0b840 t getcxmodem
3fc0b860 t load_serial_ymodem
3fc0b92c t bin_data_char
3fc0b958 t chk1.constprop.1
3fc0b984 t s1_sendpacket.constprop.2
3fc0b9d4 t load_serial
3fc0bbb4 t do_load_serial
3fc0bc90 t do_load_serial_bin
3fc0c434 t do_mem_mw
3fc0c4f4 t do_mem_loop
3fc0c5e0 t do_mem_md
3fc0c6cc t do_mem_cmp
3fc0c838 t do_mem_base
3fc0c878 t do_mem_cp
3fc0c950 t do_mem_crc
3fc0c998 t mod_mem.isra.2
3fc0cafc t do_mem_mm
3fc0cb04 t do_mem_nm
3fc0cb0c t legacy_miiphy_read
3fc0cb40 t legacy_miiphy_write
3fc0cb68 T miiphy_get_dev_by_name
3fc0cbc8 T miiphy_init
3fc0cbec T mdio_alloc
3fc0cc1c T miiphy_register
3fc0cd24 t do_sleep
3fc0cd94 t do_mmcops
3fc0ce4c t init_mmc_device
3fc0cea0 t do_mmc_rescan
3fc0cec4 t do_mmc_list
3fc0ced8 t do_mmc_dev
3fc0d00c t do_mmc_part
3fc0d068 t do_mmc_erase
3fc0d150 t do_mmc_write
3fc0d250 t do_mmc_read
3fc0d33c t do_mmcinfo
3fc0d4ac t do_mmc_setdsr
3fc0d55c t netboot_common
3fc0d7c4 t do_bootp
3fc0d7d0 t do_dhcp
3fc0d7dc t do_nfs
3fc0d7e8 T do_tftpb
3fc0d828 t do_ping
3fc0d8a4 t bytes_per_second
3fc0d8f4 t do_spi_flash
3fc0e038 T do_spi
3fc0e294 t do_false
3fc0e29c t do_true
3fc0e2a4 t do_test
3fc0e5e0 t do_imgextract
3fc0e990 t do_env_delete
3fc0ea2c t do_env_save
3fc0ea58 t do_env
3fc0eac0 t env_print
3fc0eb80 t do_env_print
3fc0ec48 t do_env_import
3fc0eea8 t do_env_default
3fc0ef50 t _do_env_set.isra.1
3fc0f108 t do_env_set
3fc0f124 T do_env_ask
3fc0f280 T get_env_id
3fc0f290 T setenv
3fc0f2e8 T setenv_ulong
3fc0f308 T setenv_hex
3fc0f33c t do_env_export
3fc0f5a4 T envmatch
3fc0f610 T getenv_f
3fc0f6d8 T getenv
3fc0f750 T getenv_hex
3fc0f78c T getenv_ulong
3fc0f7bc t do_env_edit
3fc0f834 W env_get_char_spec
3fc0f834 t __env_get_char_spec
3fc0f840 T env_get_addr
3fc0f860 T env_get_char_memory
3fc0f870 T env_get_char
3fc0f8a0 T getenv_yesno
3fc0f8e0 T getenv_default
3fc0f910 T set_default_env
3fc0f9cc T set_default_vars
3fc0fa00 T env_import
3fc0fae0 T env_export
3fc0fb84 T env_relocate
3fc0fbb4 t console_setfile
3fc0fc58 T serial_printf
3fc0fca4 T fgetc
3fc0fcc8 T ftstc
3fc0fcec T getc
3fc0fd10 T tstc
3fc0fd34 T putc
3fc0fd64 T puts
3fc0fd94 T printf
3fc0fdec T vprintf
3fc0fe28 T ctrlc
3fc0fe80 T had_ctrlc
3fc0fe90 T clear_ctrlc
3fc0fea4 T search_device
3fc0fecc T console_assign
3fc0ff14 t on_console
3fc0ffd4 T console_init_f
3fc0ffe4 T stdio_print_current_devices
3fc10094 T console_init_r
3fc10214 T sbrk
3fc10284 T mem_malloc_init
3fc102b8 T malloc_trim
3fc10384 T free
3fc105b8 T malloc
3fc10bc0 T calloc
3fc10c94 T realloc
3fc11154 T memalign
3fc11260 t on_loadaddr
3fc11298 T image_check_hcrc
3fc112e4 T image_check_dcrc
3fc1131c T image_multi_count
3fc11338 T image_multi_getimg
3fc113b4 T getenv_bootm_low
3fc113dc T getenv_bootm_size
3fc11438 T getenv_bootm_mapsize
3fc11468 T memmove_wd
3fc11474 T genimg_print_size
3fc114a4 T get_table_entry_name
3fc114d0 T genimg_get_os_name
3fc114e8 T genimg_get_arch_name
3fc11500 T genimg_get_type_name
3fc11518 T genimg_get_comp_name
3fc11530 T image_print_contents
3fc116a4 T get_table_entry_id
3fc116f0 T genimg_get_os_id
3fc11708 T genimg_get_arch_id
3fc11720 T genimg_get_type_id
3fc11738 T genimg_get_comp_id
3fc11750 T genimg_get_format
3fc11784 T genimg_get_image
3fc11788 T genimg_has_config
3fc11798 T boot_get_ramdisk
3fc11ad0 T boot_ramdisk_high
3fc11c00 T image_setup_linux
3fc11c8c t fdt_error
3fc11cb8 T boot_fdt_add_mem_rsv_regions
3fc11d40 T boot_relocate_fdt
3fc11ed4 T boot_get_fdt
3fc12260 W ft_verify_fdt
3fc12268 T image_setup_libfdt
3fc12338 T fit_parse_conf
3fc1239c T fit_parse_subimage
3fc12400 T fit_get_desc
3fc12430 T fit_image_get_node
3fc12460 T fit_image_get_os
3fc1249c T fit_image_get_arch
3fc124d8 T fit_image_get_type
3fc12514 T fit_image_get_comp
3fc12550 T fit_image_get_load
3fc12588 T fit_image_get_entry
3fc125c0 T fit_image_get_data
3fc12600 T fit_image_hash_get_algo
3fc12630 T fit_image_hash_get_value
3fc12670 t fit_image_print_data
3fc127b0 T fit_image_print
3fc12ae4 T calculate_hash
3fc12be0 T fit_image_verify
3fc12df8 T fit_all_image_verify
3fc12edc T fit_image_check_os
3fc12f0c T fit_image_check_arch
3fc12f3c T fit_image_check_type
3fc12f6c T fit_image_check_comp
3fc12f9c T fit_check_format
3fc12fdc T fit_conf_get_node
3fc13044 T fit_conf_get_prop_node
3fc13070 T fit_conf_print
3fc13178 T fit_print_contents
3fc13354 T fit_image_select
3fc133c0 T fit_get_node_from_config
3fc13404 T fit_image_load
3fc138ac W get_effective_memsize
3fc138b4 T stdio_get_list
3fc138c0 T stdio_get_by_name
3fc1391c T stdio_clone
3fc13954 T stdio_register
3fc13990 T stdio_init
3fc13a24 T get_dev_hwpart
3fc13ad4 T dev_print
3fc13cd8 T init_part
3fc13cf8 T print_part
3fc13dec T get_partition_info
3fc13e18 T get_device
3fc13f2c T get_device_and_partition
3fc14378 t test_block_type
3fc143fc t print_partition_extended
3fc14670 t get_partition_info_extended.constprop.2
3fc14960 T test_part_dos
3fc149c4 T print_part_dos
3fc149f8 T get_partition_info_dos
3fc14a18 t fpga_no_sup
3fc14a64 T fpga_get_desc
3fc14a98 t fpga_dev_info
3fc14b2c T fpga_validate
3fc14b80 T fpga_init
3fc14ba0 T fpga_count
3fc14bb0 T fpga_add
3fc14c68 T fpga_loadbitstream
3fc14ec4 T fpga_load
3fc14f58 T fpga_dump
3fc14fe4 T fpga_info
3fc15058 t zynq_info
3fc15060 t zynq_dump
3fc15068 t load_word
3fc150b0 t zynq_load
3fc15490 t xilinx_validate
3fc1550c T xilinx_load
3fc15590 T xilinx_dump
3fc15608 T xilinx_info
3fc157d0 T i2c_get_adapter
3fc15834 t i2c_init_bus
3fc158c4 T i2c_get_bus_num
3fc158cc T i2c_set_bus_num
3fc15988 T i2c_init_all
3fc1599c T i2c_probe
3fc159c8 T i2c_read
3fc15a14 T i2c_write
3fc15a60 T i2c_set_bus_speed
3fc15ac4 T i2c_get_bus_speed
3fc15ad8 T __i2c_init
3fc15ad8 W i2c_init
3fc15aec t mmc_set_ios
3fc15b04 t mmc_set_capacity
3fc15bb0 W board_mmc_getwp
3fc15bb8 T mmc_getwp
3fc15bf4 T __board_mmc_getcd
3fc15bf4 W board_mmc_getcd
3fc15bfc T mmc_send_cmd
3fc15c0c t mmc_go_idle
3fc15c58 t mmc_send_op_cond_iter
3fc15cdc t mmc_send_ext_csd
3fc15d28 T mmc_send_status
3fc15df8 t mmc_switch.isra.1
3fc15e4c T mmc_set_blocklen
3fc15e8c T find_mmc_device
3fc15ed8 t mmc_bread
3fc16020 T mmc_send_op_cond
3fc16094 T mmc_complete_op_cond
3fc16120 T mmc_switch_part
3fc1616c T mmc_select_hwpart
3fc161d8 T mmc_getcd
3fc16214 T mmc_set_clock
3fc16238 t mmc_startup
3fc16d1c T mmc_create
3fc16e1c T mmc_start_init
3fc1703c T mmc_init
3fc170c8 T mmc_get_dev
3fc170f4 T mmc_set_dsr
3fc17100 W cpu_mmc_init
3fc17100 t __def_mmc_init
3fc17108 T print_mmc_devices
3fc17174 T get_mmc_num
3fc17184 T mmc_initialize
3fc171f8 T sdhci_set_ios
3fc173cc T sdhci_init
3fc17568 t sdhci_reset
3fc175c8 T sdhci_send_command
3fc179a4 T add_sdhci
3fc17b08 T zynq_sdhci_init
3fc17b78 T mmc_berase
3fc17d14 T mmc_bwrite
3fc17e7c t spi_flash_read_write
3fc17f00 T spi_flash_cmd_read
3fc17f20 T spi_flash_cmd
3fc17f4c T spi_flash_cmd_write
3fc17f6c t spi_flash_set_qeb
3fc17fd8 T spi_flash_probe
3fc18450 T spi_flash_free
3fc1846c t spi_flash_dual_flash
3fc184c8 T spi_flash_cmd_wait_ready
3fc185b0 T spi_flash_write_common
3fc1864c t spi_flash_bank
3fc186dc T spi_flash_cmd_erase_ops
3fc187bc T spi_flash_cmd_write_ops
3fc188a8 T spi_flash_read_common
3fc18904 T spi_flash_cmd_read_status
3fc18930 T spi_flash_cmd_write_config
3fc1897c T spi_flash_cmd_read_config
3fc189a8 T spi_flash_cmd_read_ops
3fc18b48 t nc_wait_arp_handler
3fc18b5c t nc_handler
3fc18b80 t nc_timeout
3fc18b94 t is_broadcast
3fc18c3c t nc_getc
3fc18cc8 t nc_send_packet
3fc18e34 t nc_putc
3fc18e6c t refresh_settings_from_env
3fc18f98 t nc_start
3fc18fd0 t nc_tstc
3fc19064 t nc_puts
3fc190c4 T NcStart
3fc191a0 T nc_input_packet
3fc1928c T drv_nc_init
3fc19310 t zynq_gem_setup_mac
3fc19380 t zynq_gem_halt
3fc19394 t phy_setup_op
3fc19424 t zynq_gem_miiphy_write
3fc19450 t zynq_gem_recv
3fc19528 t zynq_gem_send
3fc195d0 t zynq_gem_miiphyread
3fc195f4 t zynq_gem_init
3fc1987c T zynq_gem_initialize
3fc199a4 T genphy_shutdown
3fc199ac t generic_ffs
3fc199fc t phy_device_create
3fc19ae0 T genphy_restart_aneg
3fc19b3c T genphy_config_aneg
3fc19d18 T genphy_config
3fc19dcc T genphy_update_link
3fc19f0c T genphy_parse_link
3fc1a0a0 T genphy_startup
3fc1a0bc T phy_init
3fc1a0cc T phy_register
3fc1a0f4 W get_phy_id
3fc1a164 t get_phy_device_by_mask
3fc1a28c T phy_reset
3fc1a338 T phy_find_by_mask
3fc1a374 T phy_connect_dev
3fc1a3b8 T phy_connect
3fc1a408 T phy_startup
3fc1a424 W board_phy_config
3fc1a424 t __board_phy_config
3fc1a440 T phy_config
3fc1a450 t m88e1xxx_parse_status
3fc1a55c t m88e1011s_startup
3fc1a578 t m88e1118_startup
3fc1a5bc t m88e1145_startup
3fc1a5fc t m88e1011s_config
3fc1a6f4 t m88e1121_config
3fc1a7c0 t m88e1111s_config
3fc1aae4 t m88e1118_config
3fc1aba8 t m88e1145_config
3fc1acb4 t m88e1149_config
3fc1ad78 t m88e1310_config
3fc1aee0 T phy_marvell_init
3fc1af58 t get_current
3fc1af98 W altera_jtag_serial_initialize
3fc1af98 W altera_serial_initialize
3fc1af98 W amirix_serial_initialize
3fc1af98 W arc_serial_initialize
3fc1af98 W arm_dcc_initialize
3fc1af98 W asc_serial_initialize
3fc1af98 W atmel_serial_initialize
3fc1af98 W au1x00_serial_initialize
3fc1af98 W bfin_jtag_initialize
3fc1af98 W bfin_serial_initialize
3fc1af98 W bmw_serial_initialize
3fc1af98 W clps7111_serial_initialize
3fc1af98 W cogent_serial_initialize
3fc1af98 W cpci750_serial_initialize
3fc1af98 W evb64260_serial_initialize
3fc1af98 W imx_serial_initialize
3fc1af98 W iop480_serial_initialize
3fc1af98 W jz_serial_initialize
3fc1af98 W ks8695_serial_initialize
3fc1af98 W leon2_serial_initialize
3fc1af98 W leon3_serial_initialize
3fc1af98 W lh7a40x_serial_initialize
3fc1af98 W lpc32xx_serial_initialize
3fc1af98 W marvell_serial_initialize
3fc1af98 W max3100_serial_initialize
3fc1af98 W mcf_serial_initialize
3fc1af98 W ml2_serial_initialize
3fc1af98 W mpc512x_serial_initialize
3fc1af98 W mpc5xx_serial_initialize
3fc1af98 W mpc8260_scc_serial_initialize
3fc1af98 W mpc8260_smc_serial_initialize
3fc1af98 W mpc85xx_serial_initialize
3fc1af98 W mpc8xx_serial_initialize
3fc1af98 W mxc_serial_initialize
3fc1af98 W mxs_auart_initialize
3fc1af98 W ns16550_serial_initialize
3fc1af98 W oc_serial_initialize
3fc1af98 W p3mx_serial_initialize
3fc1af98 W pl01x_serial_initialize
3fc1af98 W pxa_serial_initialize
3fc1af98 W s3c24xx_serial_initialize
3fc1af98 W s5p_serial_initialize
3fc1af98 W sa1100_serial_initialize
3fc1af98 W sandbox_serial_initialize
3fc1af98 W sconsole_serial_initialize
3fc1af98 W sh_serial_initialize
3fc1af98 W uartlite_serial_initialize
3fc1af98 t serial_null
3fc1af9c T serial_register
3fc1afb4 T serial_stdio_init
3fc1b03c T serial_assign
3fc1b088 T serial_initialize
3fc1b158 T serial_init
3fc1b16c T serial_setbrg
3fc1b180 t on_baudrate
3fc1b264 T serial_getc
3fc1b278 T serial_tstc
3fc1b28c T serial_putc
3fc1b2a8 T serial_puts
3fc1b2c4 t uart_zynq_serial_putc
3fc1b304 t uart_zynq0_putc
3fc1b30c t uart_zynq1_tstc
3fc1b324 t uart_zynq1_putc
3fc1b32c t uart_zynq1_puts
3fc1b350 t uart_zynq_serial_setbrg
3fc1b3f8 t uart_zynq0_setbrg
3fc1b400 t uart_zynq1_init
3fc1b42c t uart_zynq1_setbrg
3fc1b434 t uart_zynq1_getc
3fc1b454 t uart_zynq0_tstc
3fc1b468 t uart_zynq0_init
3fc1b490 t uart_zynq0_getc
3fc1b4ac t uart_zynq0_puts
3fc1b4d0 W default_serial_console
3fc1b4dc T zynq_serial_initialize
3fc1b4fc T spi_do_alloc_slave
3fc1b548 t zynq_qspi_setup_transfer
3fc1b5ec t zynq_qspi_fill_tx_fifo
3fc1b770 T spi_init
3fc1b774 T spi_setup_slave
3fc1b9dc T spi_free_slave
3fc1b9e0 T spi_claim_bus
3fc1b9e8 T spi_release_bus
3fc1b9ec T spi_xfer
3fc1bda0 t fs_probe_unsupported
3fc1bdb8 t fs_ls_unsupported
3fc1bdc0 t fs_exists_unsupported
3fc1bdc8 t fs_read_unsupported
3fc1bdd0 t fs_write_unsupported
3fc1bdd8 t fs_close_unsupported
3fc1bddc t fs_get_info
3fc1be10 t fs_close
3fc1be38 T fs_set_blk_dev
3fc1bef0 T fs_ls
3fc1bf2c T fs_exists
3fc1bf60 T fs_read
3fc1bfe4 T do_load
3fc1c1a4 T do_ls
3fc1c20c T file_exists
3fc1c238 T get_fs
3fc1c244 T ext4fs_free_node
3fc1c264 T ext4fs_read_file
3fc1c4a4 T ext4fs_ls
3fc1c51c T ext4fs_exists
3fc1c530 T ext4fs_read
3fc1c570 T ext4fs_probe
3fc1c5a0 T ext4_read_file
3fc1c604 T ext4fs_read_inode
3fc1c734 T read_allocated_block
3fc1d060 T ext4fs_reinit_global
3fc1d11c T ext4fs_close
3fc1d17c T ext4fs_iterate_dir
3fc1d404 t ext4fs_find_file1
3fc1d68c T ext4fs_find_file
3fc1d704 T ext4fs_open
3fc1d7a0 T ext4fs_mount
3fc1d864 T ext4fs_set_blk_dev
3fc1d8d0 T ext4fs_devread
3fc1db2c T ext4_read_superblock
3fc1db68 t downcase
3fc1db98 t disk_read
3fc1dbfc t dirdelim
3fc1dc2c t get_fatent
3fc1dd7c t mkcksum
3fc1ddcc t check_overflow
3fc1de40 t disk_write
3fc1dec4 t flush_fat_buffer
3fc1df44 t set_fatent_value
3fc1e044 t get_fatent_value
3fc1e208 t get_cluster
3fc1e37c t get_name
3fc1e428 t set_cluster
3fc1e4ec t set_contents
3fc1e6dc t read_bootsectandvi
3fc1e804 t set_name
3fc1e940 t slot2str
3fc1e9fc t get_vfatname
3fc1ebb4 t flush_dir_table.constprop.7
3fc1ec94 t do_fat_write
3fc1f5cc T fat_set_blk_dev
3fc1f698 T do_fat_read_at
3fc20190 T do_fat_read
3fc201bc T file_fat_detectfs
3fc20304 T file_fat_ls
3fc20314 T fat_exists
3fc20340 T file_fat_read_at
3fc2038c T fat_read_file
3fc203c8 T fat_close
3fc203cc T file_fat_write
3fc20400 T zcalloc
3fc20408 T zcfree
3fc20410 T inflate_fast
3fc209a0 T inflate_table
3fc20ee8 T inflateReset
3fc20f60 T inflateInit2_
3fc21064 T inflateEnd
3fc210cc T adler32
3fc21404 T inflate
3fc22938 T cyg_crc16
3fc2297c T gzalloc
3fc2298c T gzfree
3fc22994 T zunzip
3fc22ab8 T gunzip
3fc22b70 T initcall_run_list
3fc22bcc t lmb_add_region
3fc22d70 T lmb_init
3fc22d98 T lmb_add
3fc22d9c T lmb_free
3fc22ea0 T lmb_reserve
3fc22ea8 T lmb_overlaps_region
3fc22f00 T __lmb_alloc_base
3fc23014 T lmb_alloc_base
3fc23048 T lmb_alloc
3fc23050 T __board_lmb_reserve
3fc23050 W board_lmb_reserve
3fc23054 t byteReverse
3fc23088 t MD5Transform
3fc23ab8 t MD5Update
3fc23b98 t MD5Final
3fc23c60 T md5_wd
3fc23cc8 T string_to_ip
3fc23d28 T qsort
3fc23e08 t sha1_process
3fc252b0 t sha1_update.part.0
3fc2536c T sha1_starts
3fc253b8 T sha1_update
3fc253c4 T sha1_finish
3fc25508 T sha1_csum_wd
3fc25548 t sha256_process
3fc27954 t sha256_update.part.0
3fc27a10 T sha256_starts
3fc27a80 T sha256_update
3fc27a8c T sha256_finish
3fc27c3c T sha256_csum_wd
3fc27c7c t cmpkey
3fc27c90 t _hdelete.isra.1
3fc27ce0 t drop_var_from_set.part.2
3fc27d30 t match_string.isra.3
3fc27d90 T hcreate_r
3fc27e40 T hdestroy_r
3fc27eb8 T hsearch_r
3fc28374 T hdelete_r
3fc2844c T hexport_r
3fc28760 T himport_r
3fc28aac T hwalk_r
3fc28b04 T display_options
3fc28b24 T print_size
3fc28c54 T print_buffer
3fc28e08 T crc32_no_comp
3fc28ee0 T crc32
3fc28ef4 T crc32_wd
3fc28ef8 T crc32_wd_buf
3fc28f38 T __div64_32
3fc2900c T hang
3fc29028 T skip_spaces
3fc29050 T strim
3fc290b0 T strcpy
3fc290c8 T strncpy
3fc290ec T strcat
3fc2911c T strncat
3fc29170 T strcmp
3fc29198 T strncmp
3fc291d4 T strchr
3fc29200 T strlen
3fc29220 T strnlen
3fc2924c T strdup
3fc2928c T strpbrk
3fc292c8 T memset
3fc29324 T memcpy
3fc29390 T memmove
3fc293d8 T memcmp
3fc29408 T strstr
3fc29474 T memchr
3fc294a4 T udelay
3fc294d4 t put_dec_trunc
3fc295a8 t put_dec
3fc296e4 t string.isra.0
3fc29778 t number.isra.4
3fc299c8 t vsnprintf_internal.isra.6
3fc29fd0 T simple_strtoul
3fc2a088 T strict_strtoul
3fc2a100 T simple_strtol
3fc2a128 T simple_strtoull
3fc2a204 T vsprintf
3fc2a208 T sprintf
3fc2a230 T panic
3fc2a274 T simple_itoa
3fc2a2c8 T fdt_check_header
3fc2a33c T fdt_offset_ptr
3fc2a388 T fdt_next_tag
3fc2a484 T _fdt_check_node_offset
3fc2a4c0 T _fdt_check_prop_offset
3fc2a4fc T fdt_next_node
3fc2a5b4 T fdt_first_subnode
3fc2a5e8 T fdt_next_subnode
3fc2a638 T _fdt_find_string
3fc2a694 T fdt_move
3fc2a6d8 t _nextprop
3fc2a734 T fdt_string
3fc2a748 T fdt_get_mem_rsv
3fc2a7b8 T fdt_num_mem_rsv
3fc2a7f4 T fdt_subnode_offset_namelen
3fc2a8c4 T fdt_subnode_offset
3fc2a8f4 T fdt_get_name
3fc2a968 T fdt_first_property_offset
3fc2a988 T fdt_next_property_offset
3fc2a9a8 T fdt_get_property_by_offset
3fc2a9fc T fdt_get_property_namelen
3fc2aab4 T fdt_get_property
3fc2aaf0 T fdt_getprop_namelen
3fc2ab10 T fdt_getprop
3fc2ab4c T fdt_get_alias_namelen
3fc2ab94 T fdt_path_offset
3fc2ac80 T fdt_supernode_atdepth_offset
3fc2ad38 T fdt_node_depth
3fc2ad60 t _fdt_blocks_misordered
3fc2adc8 t _fdt_splice
3fc2ae40 t _fdt_splice_mem_rsv
3fc2ae98 t _fdt_splice_struct
3fc2aee4 t _fdt_packblocks
3fc2af8c t _fdt_add_property
3fc2b0b8 t _fdt_rw_check_header
3fc2b118 T fdt_add_mem_rsv
3fc2b1a0 T fdt_del_mem_rsv
3fc2b1fc T fdt_setprop
3fc2b2c8 T fdt_delprop
3fc2b32c T fdt_add_subnode_namelen
3fc2b41c T fdt_add_subnode
3fc2b44c T fdt_del_node
3fc2b4ac T fdt_open_into
3fc2b648 T fdt_strerror
3fc2b6a0 T _fdt_node_end_offset
3fc2b6e4 T ArpInit
3fc2b734 T arp_raw_request
3fc2b7f4 T ArpRequest
3fc2b878 T ArpTimeoutCheck
3fc2b8f8 T ArpReceive
3fc2baf4 t DhcpOptionsProcess
3fc2bcec t DhcpHandler
3fc2c13c T BootpRequest
3fc2c3b4 t BootpTimeout
3fc2c404 T DhcpRequest
3fc2c408 W cpu_eth_init
3fc2c408 t __def_eth_init
3fc2c410 t eth_current_changed
3fc2c470 T eth_parse_enetaddr
3fc2c4c4 T eth_getenv_enetaddr
3fc2c520 T eth_setenv_enetaddr
3fc2c554 T eth_getenv_enetaddr_by_index
3fc2c5a4 T eth_get_dev_by_index
3fc2c5e4 T eth_get_dev_index
3fc2c600 T eth_write_hwaddr
3fc2c7d8 T eth_register
3fc2c854 T eth_unregister
3fc2c8e0 T eth_initialize
3fc2cab0 T eth_halt
3fc2cae0 T eth_send
3fc2cb1c T eth_rx
3fc2cb40 T eth_try_another
3fc2cbc4 T eth_init
3fc2cc94 T eth_set_current
3fc2cd38 T eth_get_name
3fc2cd58 t startAgainTimeout
3fc2cd6c t dummy_handler
3fc2cd70 t net_clear_handlers
3fc2cda4 T net_auto_load
3fc2ce08 T NetStartAgain
3fc2cf58 T net_set_udp_handler
3fc2cf78 T net_get_arp_handler
3fc2cf88 T net_set_arp_handler
3fc2cfa8 T NetSetTimeout
3fc2d004 T NetCksum
3fc2d034 T NetCksumOk
3fc2d054 T NetReceive
3fc2d308 T NetEthHdrSize
3fc2d340 T NetSetEther
3fc2d3d4 T net_update_ether
3fc2d44c T net_set_ip_header
3fc2d4d4 T net_set_udp_header
3fc2d55c T NetSendUDPPacket
3fc2d664 T copy_filename
3fc2d6a8 t on_bootfile
3fc2d6d4 T ip_to_string
3fc2d70c T string_to_VLAN
3fc2d750 T getenv_VLAN
3fc2d760 t NetInitLoop
3fc2d850 T net_init
3fc2d8c0 T NetLoop
3fc2dc74 t rpc_lookup_reply
3fc2dd24 t nfs_mount_reply
3fc2ddcc t nfs_umountall_reply
3fc2de64 t nfs_lookup_reply
3fc2defc t nfs_readlink_reply
3fc2dff4 t basename
3fc2e030 t rpc_add_credentials
3fc2e0e4 t rpc_req
3fc2e1dc t nfs_mount_req
3fc2e270 t nfs_umountall_req
3fc2e2d0 t nfs_lookup_req
3fc2e378 t nfs_read_req
3fc2e3f0 t nfs_readlink_req
3fc2e448 t nfs_read_reply.isra.0
3fc2e580 t NfsSend
3fc2e694 t NfsHandler
3fc2e8b8 t NfsTimeout
3fc2e91c T NfsStart
3fc2eb70 t ping_timeout
3fc2eb8c T ping_start
3fc2ecb0 T ping_receive
3fc2ed98 t TftpSend
3fc2ef60 t TftpHandler
3fc2f2d8 t TftpTimeout
3fc2f360 T TftpStart
3fc2f69c T raise
3fc2f6b8 T __udivsi3
3fc2f6b8 t .udivsi3_skip_div0_test
3fc2f6b8 t __aeabi_uidiv
3fc2f8a4 t __aeabi_uidivmod
3fc2f8c4 T __divsi3
3fc2f8c4 t __aeabi_idiv
3fc2f8cc t .divsi3_skip_div0_test
3fc2fae4 t __aeabi_idivmod
3fc2fb04 T __lshrdi3
3fc2fb04 t __aeabi_llsr
3fc2fb20 T __ashldi3
3fc2fb20 t __aeabi_llsl
3fc2fb3c W __aeabi_ldiv0
3fc2fb3c t __aeabi_idiv0
3fc2fbcc r CSWTCH.28
3fc2fbec r CSWTCH.35
3fc2fbf8 r CSWTCH.93
3fc2fc14 r baudrate_table
3fc2fc2c r bin_format
3fc2fc60 r block_drvr
3fc2fc78 r boot_os
3fc2fcd8 r crc_table
3fc300d8 r env_flags_varaccess_mask
3fc300e8 r ext_csd_bits.7478
3fc300fc r ext_to_hostcaps.7479
3fc30118 r fbase
3fc30128 r fdt_errtable
3fc3015c r fpga010
3fc30178 r fpga015
3fc30194 r fpga020
3fc301b0 r fpga030
3fc301cc r fpga045
3fc301e8 r fpga100
3fc30204 r mio_periphs
3fc302cc r multipliers
3fc3030c r nand16_pins
3fc3032c r nand8_pins
3fc30360 r offsets.9142
3fc30370 R op_adv
3fc30470 r op_table
3fc304d8 r qspi0_dio_pins
3fc304e8 r qspi0_pins
3fc30500 r qspi1_cs_dio_pin
3fc30504 r qspi1_cs_pin
3fc30508 r qspi1_dio_pins
3fc30514 r qspi1_pins
3fc30528 r sdhci_ops
3fc3053c R spi_flash_params_table
3fc30a34 r uart_zynq_ports
3fc30a3c r uart_zynq_ports_param
3fc30a44 r uimage_arch
3fc30b64 r uimage_comp
3fc30bac r uimage_os
3fc30c18 r uimage_type
3fc30d08 r usb0_pins
3fc30d38 r usb1_pins
3fc30d68 r widths.7480
3fc30d7c r crc16_tab
3fc30f7c r dbase.7399
3fc30fbc r dext.7400
3fc30ffc r distfix
3fc3107c r lbase.7397
3fc310ba r lenfix
3fc318ba r lext.7398
3fc318f8 r order.7493
3fc3192f r CSWTCH.23
3fc31945 r CSWTCH.28
3fc31949 r __FUNCTION__.7263
3fc31955 r __FUNCTION__.7270
3fc31961 r __FUNCTION__.7276
3fc3196d r __FUNCTION__.7306
3fc31984 r __FUNCTION__.7548
3fc31994 r __func__.7104
3fc319aa r __func__.7177
3fc319b8 r __func__.7188
3fc319d0 r __func__.7231
3fc319e0 r __func__.7244
3fc319f3 r __func__.7247
3fc319fe r __func__.7254
3fc31a09 r __func__.7264
3fc31a15 r __func__.7271
3fc31a21 r __func__.7283
3fc31a30 r __func__.7335
3fc31a3e r __func__.7353
3fc31a47 r __func__.7368
3fc31a51 r __func__.7381
3fc31a5b r __func__.7394
3fc31a65 r __func__.7397
3fc31a76 r __func__.7587
3fc31a84 r __func__.7605
3fc31a90 r __func__.7622
3fc31a9e r __func__.7636
3fc31ab2 r __func__.7658
3fc31ac5 r __func__.7678
3fc31ad5 r __func__.7702
3fc31ae0 r __func__.7714
3fc31aea r __func__.8316
3fc31afc r __func__.8343
3fc31b0f r __func__.8377
3fc31b25 r __func__.8395
3fc31b3d r __func__.8405
3fc31b47 r __func__.8977
3fc31b51 r __func__.9126
3fc31b6a r __func__.9159
3fc31b7d r __func__.9240
3fc31b8d R _ctype
3fc31c8d R default_environment
3fc326b6 r delims.7108
3fc326b9 r digits.7112
3fc326c9 r env_flags_varaccess_rep
3fc326ce r env_flags_vartype_rep
3fc326d5 r erase_seq
3fc326d9 r hex_asc
3fc326ea r names.7144
3fc326f0 r sha1_padding
3fc32730 r spi_read_cmds_array
3fc3aca5 r tab_seq
3fc3acae V version_string
3fc3ad04 d slcr_lock
3fc3ad08 d hash_algo
3fc3ad40 d reserved_list
3fc3adc4 d hist_cur
3fc3adc8 d init_sequence_f
3fc3ae4c D init_sequence_r
3fc3aea8 d bootm_help_text
3fc3b378 d cmd_bootm_sub
3fc3b450 d first_call
3fc3b454 d first_call
3fc3b458 D env_name_spec
3fc3b45c d source_help_text
3fc3b508 d clk_help_text
3fc3b528 d cmd_clk_sub
3fc3b540 d tabs.7294
3fc3b561 d root.7211
3fc3b563 d fdt_help_text
3fc3bb46 d i2c_help_text
3fc3be7c d cmd_i2c_sub
3fc3bfb4 d i2c_dp_last_length
3fc3bfb8 d do_echo
3fc3bfbc d dp_last_length
3fc3bfc0 d curr_device
3fc3bfc4 d cmd_mmc
3fc3c09c d imgextract_help_text
3fc3c14e d env_help_text
3fc3c3a4 d env_id
3fc3c3a8 d cmd_env_sub
3fc3c498 D env_htab
3fc3c4a8 d av_
3fc3c8b0 d sbrk_base
3fc3c8b4 d trim_threshold
3fc3c8b8 D stdio_names
3fc3c8c4 d next_desc
3fc3c8c8 D zynq_op
3fc3c8d8 d cur_dev_num
3fc3c8dc d cmd_timeout.7657
3fc3c8e0 d phy_drivers
3fc3c8e8 d genphy_driver
3fc3c91c d M88E1111S_driver
3fc3c950 d M88E1310_driver
3fc3c984 d M88E1011S_driver
3fc3c9b8 d M88E1118_driver
3fc3c9ec d M88E1518_driver
3fc3ca20 d M88E1145_driver
3fc3ca54 d M88E1149S_driver
3fc3ca88 d M88E1121R_driver
3fc3cabc d M88E1118R_driver
3fc3caf0 d uart_zynq_serial0_device
3fc3cb20 d uart_zynq_serial1_device
3fc3cb50 d fstypes
3fc3cbb0 D ext4fs_indir3_blkno
3fc3cbb4 D ext4fs_indir1_blkno
3fc3cbb8 D ext4fs_indir2_blkno
3fc3cbbc d sha256_padding
3fc3cbfc D NetOurNativeVLAN
3fc3cbfe D NetBcastAddr
3fc3cc04 D NetOurVLAN
3fc3cc08 d first_call.7293
3fc3cc0c d nfs_offset
3fc3cc10 d TftpTimeoutCountMax
3fc3cc14 D TftpRRQTimeoutCountMax
3fc3cc18 d TftpBlkSizeOption
3fc3cc1c d TftpTimeoutMSecs
3fc3cc20 d TftpBlkSize
3fc3cc30 D _u_boot_list_2_cmd_2_askenv
3fc3cc30 d start.7001
3fc3cc30 d start.7005
3fc3cc30 d start.7050
3fc3cc30 d start.7054
3fc3cc48 D _u_boot_list_2_cmd_2_base
3fc3cc60 D _u_boot_list_2_cmd_2_bdinfo
3fc3cc78 D _u_boot_list_2_cmd_2_boot
3fc3cc90 D _u_boot_list_2_cmd_2_bootd
3fc3cca8 D _u_boot_list_2_cmd_2_bootm
3fc3ccc0 D _u_boot_list_2_cmd_2_bootp
3fc3ccd8 D _u_boot_list_2_cmd_2_clk
3fc3ccf0 D _u_boot_list_2_cmd_2_cmp
3fc3cd08 D _u_boot_list_2_cmd_2_coninfo
3fc3cd20 D _u_boot_list_2_cmd_2_cp
3fc3cd38 D _u_boot_list_2_cmd_2_crc32
3fc3cd50 D _u_boot_list_2_cmd_2_dcache
3fc3cd68 D _u_boot_list_2_cmd_2_dhcp
3fc3cd80 D _u_boot_list_2_cmd_2_echo
3fc3cd98 D _u_boot_list_2_cmd_2_editenv
3fc3cdb0 D _u_boot_list_2_cmd_2_env
3fc3cdc8 D _u_boot_list_2_cmd_2_exit
3fc3cde0 D _u_boot_list_2_cmd_2_ext2load
3fc3cdf8 D _u_boot_list_2_cmd_2_ext2ls
3fc3ce10 D _u_boot_list_2_cmd_2_false
3fc3ce28 D _u_boot_list_2_cmd_2_fatinfo
3fc3ce40 D _u_boot_list_2_cmd_2_fatload
3fc3ce58 D _u_boot_list_2_cmd_2_fatls
3fc3ce70 D _u_boot_list_2_cmd_2_fatwrite
3fc3ce88 D _u_boot_list_2_cmd_2_fdt
3fc3cea0 D _u_boot_list_2_cmd_2_fpga
3fc3ceb8 D _u_boot_list_2_cmd_2_go
3fc3ced0 D _u_boot_list_2_cmd_2_help
3fc3cee8 D _u_boot_list_2_cmd_2_i2c
3fc3cf00 D _u_boot_list_2_cmd_2_icache
3fc3cf18 D _u_boot_list_2_cmd_2_iminfo
3fc3cf30 D _u_boot_list_2_cmd_2_imxtract
3fc3cf48 D _u_boot_list_2_cmd_2_itest
3fc3cf60 D _u_boot_list_2_cmd_2_loadb
3fc3cf78 D _u_boot_list_2_cmd_2_loads
3fc3cf90 D _u_boot_list_2_cmd_2_loadx
3fc3cfa8 D _u_boot_list_2_cmd_2_loady
3fc3cfc0 D _u_boot_list_2_cmd_2_loop
3fc3cfd8 D _u_boot_list_2_cmd_2_md
3fc3cff0 D _u_boot_list_2_cmd_2_mm
3fc3d008 D _u_boot_list_2_cmd_2_mmc
3fc3d020 D _u_boot_list_2_cmd_2_mmcinfo
3fc3d038 D _u_boot_list_2_cmd_2_mw
3fc3d050 D _u_boot_list_2_cmd_2_nfs
3fc3d068 D _u_boot_list_2_cmd_2_nm
3fc3d080 D _u_boot_list_2_cmd_2_ping
3fc3d098 D _u_boot_list_2_cmd_2_printenv
3fc3d0b0 D _u_boot_list_2_cmd_2_question_mark
3fc3d0c8 D _u_boot_list_2_cmd_2_reset
3fc3d0e0 D _u_boot_list_2_cmd_2_run
3fc3d0f8 D _u_boot_list_2_cmd_2_saveenv
3fc3d110 D _u_boot_list_2_cmd_2_saves
3fc3d128 D _u_boot_list_2_cmd_2_setenv
3fc3d140 D _u_boot_list_2_cmd_2_sf
3fc3d158 D _u_boot_list_2_cmd_2_showvar
3fc3d170 D _u_boot_list_2_cmd_2_sleep
3fc3d188 D _u_boot_list_2_cmd_2_source
3fc3d1a0 D _u_boot_list_2_cmd_2_sspi
3fc3d1b8 D _u_boot_list_2_cmd_2_test
3fc3d1d0 D _u_boot_list_2_cmd_2_tftpboot
3fc3d1e8 D _u_boot_list_2_cmd_2_true
3fc3d200 D _u_boot_list_2_cmd_2_version
3fc3d218 D _u_boot_list_2_env_clbk_2_baudrate
3fc3d218 d end.7008
3fc3d218 d end.7057
3fc3d218 d start.7146
3fc3d218 d start.7153
3fc3d220 D _u_boot_list_2_env_clbk_2_bootfile
3fc3d228 D _u_boot_list_2_env_clbk_2_callbacks
3fc3d230 D _u_boot_list_2_env_clbk_2_console
3fc3d238 D _u_boot_list_2_env_clbk_2_flags
3fc3d240 D _u_boot_list_2_env_clbk_2_loadaddr
3fc3d248 B __bss_base
3fc3d248 B __bss_start
3fc3d248 D __image_copy_end
3fc3d248 D __rel_dyn_start
3fc3d248 b clks
3fc3d248 d end.7105
3fc3d248 d end.7126
3fc3d248 d end.7149
3fc3d248 d end.7149
3fc3d248 d end.7565
3fc3d248 d end.7576
3fc3d248 d end.7592
3fc3d248 d start.7098
3fc3d248 d start.7102
3fc3d248 d start.7123
3fc3d248 d start.7146
3fc3d248 d start.7562
3fc3d248 d start.7573
3fc3d248 d start.7589
3fc3d788 b fpga
3fc3d7a4 b flag_repeat
3fc3d7a8 b the_command.7302
3fc3dfac b ifs
3fc3dfb0 b buf.7502
3fc3dfd8 b last_return_code
3fc3dfdc b map
3fc3e0dc b do_repeat
3fc3e0e0 b top_vars
3fc3e0e4 b hist_list
3fc3e134 b initted.7180
3fc3e138 b hist_lines
3fc443a0 R __rel_dyn_end
3fc443a0 R _end
3fc443a0 r _image_binary_end
3fc4814c b hist_max
3fc48150 b hist_add_idx
3fc48154 b hist_num
3fc48158 B console_buffer
3fc4895c b xyz
3fc48d90 b stored_bootdelay
3fc48d94 B monitor_flash_len
3fc48d98 B images
3fc48ef0 b callback_list
3fc48ef4 b flags_list
3fc48ef8 b env_flash
3fc48efc b data.7185
3fc492fc B working_fdt
3fc49300 b i2c_mm_last_addr
3fc49304 b i2c_mm_last_chip
3fc49308 b i2c_mm_last_alen
3fc4930c b i2c_dp_last_chip
3fc49310 b i2c_dp_last_addr
3fc49314 b i2c_dp_last_alen
3fc49318 b send_parms
3fc4932c b os_data_addr_saved
3fc49330 b his_pad_char
3fc49331 b a_b
3fc4934c b os_data_char
3fc49350 b os_data_state
3fc49354 b k_data_escape
3fc49358 b os_data_state_saved
3fc4935c b os_data_addr
3fc49360 b send_ptr
3fc49364 b his_pad_count
3fc49368 b bin_start_address
3fc4936c b his_quote
3fc49370 b os_data_init
3fc49374 b his_eol
3fc49378 b k_data_escape_saved
3fc4937c b dp_last_addr
3fc49380 b base_address
3fc49384 b mm_last_size
3fc49388 b mm_last_addr
3fc4938c b dp_last_size
3fc49390 b current_mii
3fc49394 b mii_devs
3fc4939c b flash
3fc493a0 b bus
3fc493a4 b cs
3fc493a8 b bitlen
3fc493ac b dout
3fc493cc b din
3fc493ec b mode
3fc493f0 b ctrlc_was_pressed
3fc493f4 b ctrlc_disabled
3fc493f8 b max_total_mem
3fc493fc B mem_malloc_brk
3fc49400 b max_sbrked_mem
3fc49404 b current_mallinfo
3fc4942c B mem_malloc_end
3fc49430 b top_pad
3fc49434 B mem_malloc_start
3fc49438 B load_addr
3fc4943c b devs
3fc49478 B stdio_devices
3fc49484 b desc_table
3fc494ac b mmc_devices
3fc494b4 B aligned_buffer
3fc494b8 b input_buffer
3fc496b8 b nc_ip
3fc496bc B net_loop_last_protocol
3fc496c0 b input_offset
3fc496c4 b nc_ether
3fc496cc b our_ip.7078
3fc496d0 b netmask.7077
3fc496d4 b nc_in_port
3fc496d8 b output_packet
3fc496dc b output_recursion
3fc496e0 b input_recursion
3fc496e4 b output_packet_len
3fc496e8 b net_timeout
3fc496ec b env_changed_id.7079
3fc496f0 b nc_out_port
3fc496f4 b input_size
3fc496f8 b serial_devices
3fc496fc b serial_current
3fc49700 b current_u_page.9183
3fc49704 b fs_partition
3fc49754 b fs_type
3fc49758 b fs_dev_desc
3fc49760 B ext_fs
3fc497a8 B ext4fs_indir3_block
3fc497ac B ext4fs_root
3fc497b0 B ext4fs_indir3_size
3fc497b4 B ext4fs_indir1_block
3fc497b8 B ext4fs_indir2_size
3fc497bc B ext4fs_indir2_block
3fc497c0 B ext4fs_indir1_size
3fc497c4 b symlinknest
3fc497c8 B ext4fs_file
3fc497cc b part_info
3fc497d0 b ext4fs_block_dev_desc
3fc497d4 B part_offset
3fc497e0 B get_contents_vfatname_block
3fc597e0 B do_fat_read_at_block
3fc697e0 B get_dentfromdir_block
3fc797e0 b empty_dentptr
3fc797e4 b cur_part_info
3fc79834 b total_sector
3fc79838 b dir_curclust
3fc7983c b num_of_fats
3fc79840 b cur_dev
3fc79844 B errno
3fc79848 b local.7291
3fc79860 B NetArpWaitPacketIP
3fc79864 B NetArpWaitTimerStart
3fc79868 b NetArpWaitReplyIP
3fc7986c B NetArpWaitTxPacketSize
3fc79870 B NetArpWaitTry
3fc79874 b NetArpTxPacket
3fc79878 b NetArpPacketBuf
3fc79e98 B NetArpWaitPacketMAC
3fc79e9c b dhcp_state
3fc79ea0 B BootpTry
3fc79ea4 b NetDHCPServerIP
3fc79ea8 B BootpID
3fc79eac b dhcp_leasetime
3fc79eb0 b first_failed.7568
3fc79eb4 B eth_current
3fc79eb8 b env_changed_id.7574
3fc79ebc b act.7573
3fc79ec0 b eth_devices
3fc79ec4 b index.7521
3fc79ec8 B NetOurEther
3fc79ed0 B NetServerIP
3fc79ed4 b NetRestarted
3fc79ed8 B net_state
3fc79edc B NetRxPackets
3fc79eec B NetBootFileSize
3fc79eee B NetEtherNullAddr
3fc79ef4 B NetRxPacket
3fc79ef8 b udp_packet_handler
3fc79efc b NetDevExists
3fc79f00 b timeStart
3fc79f04 b timeHandler
3fc79f08 b NetTryCount
3fc79f0c B NetOurDNSIP
3fc79f10 B NetOurSubnetMask
3fc79f14 B NetTxPacket
3fc79f18 B NetBootFileXferSize
3fc79f1c B NetOurIP
3fc79f20 B NetOurNISDomain
3fc79f40 B NetIPID
3fc79f44 B NetOurGatewayIP
3fc79f48 b arp_packet_handler
3fc79f4c B NetOurHostName
3fc79f6c B NetRestartWrap
3fc79f70 B NetRxPacketLen
3fc79f74 B BootFile
3fc79ff4 b timeDelta
3fc79ff8 B NetServerEther
3fc7a000 b env_changed_id.7282
3fc7a004 b PktBuf
3fc7be24 B NetOurRootPath
3fc7be64 b NfsOurPort
3fc7be68 b NfsServerIP
3fc7be6c b nfs_filename
3fc7be70 b nfs_len
3fc7be74 b NfsSrvMountPort
3fc7be78 b dirfh
3fc7be98 b NfsSrvNfsPort
3fc7be9c b rpc_id
3fc7bea0 b fs_mounted
3fc7bea4 b nfs_path_buff
3fc7c6a4 b nfs_download_state
3fc7c6a8 b nfs_path
3fc7c6ac b filefh
3fc7c6cc b NfsState
3fc7c6d0 b default_filename
3fc7c710 b default_filename
3fc7c720 b NfsTimeoutCount
3fc7c724 B NetPingIP
3fc7c728 b PingSeqNo
3fc7c72c b time_start
3fc7c730 b TftpTimeoutCount
3fc7c734 b TftpBlockWrap
3fc7c738 b TftpBlock
3fc7c73c b TftpOurPort
3fc7c740 b TftpRemoteIP
3fc7c744 b TftpState
3fc7c748 b TftpRemotePort
3fc7c74c b tftp_filename
3fc7c7cc b TftpBlockWrapOffset
3fc7c7d0 b TftpLastBlock
3fc7c7d4 B __bss_end
3fc7c7d4 B __bss_limit
